---
source: tests/snapshot_tests.rs
expression: output
---
 Loading...
