---
source: tests/snapshot_tests.rs
expression: output
---
Item A              
Item B              
Item C
