---
source: tests/snapshot_tests.rs
expression: output
---
┌Table Widget──────────────────────────┐
│ID           Name         Status      │
│1            Alice        Active      │
│2            Bob          Inactive    │
│3            Charlie      Active      │
│                                      │
│                                      │
│                                      │
│                                      │
└──────────────────────────────────────┘
